> Task :app:preBuild UP-TO-DATE
> Task :app:preDebugBuild UP-TO-DATE
> Task :app:mergeDebugNativeDebugMetadata NO-SOURCE
> Task :app:checkKotlinGradlePluginConfigurationErrors SKIPPED
> Task :app:generateDebugBuildConfig
> Task :app:checkDebugAarMetadata UP-TO-DATE
> Task :app:processDebugNavigationResources UP-TO-DATE
> Task :app:compileDebugNavigationResources UP-TO-DATE
> Task :app:generateDebugResValues UP-TO-DATE
> Task :app:processDebugGoogleServices UP-TO-DATE
> Task :app:mapDebugSourceSetPaths
> Task :app:generateDebugResources UP-TO-DATE
> Task :app:packageDebugResources UP-TO-DATE
> Task :app:parseDebugLocalResources UP-TO-DATE
> Task :app:createDebugCompatibleScreenManifests UP-TO-DATE
> Task :app:extractDeepLinksDebug UP-TO-DATE

> Task :app:processDebugMainManifest
[com.razorpay:checkout:1.6.40] C:\Users\rakes\.gradle\caches\8.13\transforms\08799390d66bd48964bb8bcc3ee53799\transformed\checkout-1.6.40\AndroidManifest.xml Warning:
	Namespace 'com.razorpay' is used in multiple modules and/or libraries: com.razorpay:checkout:1.6.40, com.razorpay:standard-core:1.7.10, com.razorpay:core:1.0.10. Please ensure that all modules and libraries have a unique namespace. For more information, See https://developer.android.com/studio/build/configure-app-module#set-namespace

> Task :app:processDebugManifest
> Task :app:javaPreCompileDebug UP-TO-DATE
> Task :app:mergeDebugShaders UP-TO-DATE
> Task :app:compileDebugShaders NO-SOURCE
> Task :app:generateDebugAssets UP-TO-DATE
> Task :app:mergeDebugResources
> Task :app:mergeDebugAssets UP-TO-DATE
> Task :app:compressDebugAssets UP-TO-DATE
> Task :app:desugarDebugFileDependencies UP-TO-DATE
> Task :app:mergeDebugJniLibFolders UP-TO-DATE
> Task :app:mergeDebugNativeLibs UP-TO-DATE
> Task :app:processDebugManifestForPackage
> Task :app:checkDebugDuplicateClasses
> Task :app:mergeLibDexDebug UP-TO-DATE
> Task :app:stripDebugDebugSymbols UP-TO-DATE
> Task :app:validateSigningDebug UP-TO-DATE
> Task :app:writeDebugAppMetadata UP-TO-DATE
> Task :app:writeDebugSigningConfigVersions UP-TO-DATE
> Task :app:processDebugResources
> Task :app:mergeExtDexDebug
> Task :app:compileDebugKotlin
w: file:///C:/Users/rakes/OneDrive/Desktop/aiguru/app/src/main/java/com/example/aiguru/GeminiLiveActivity.kt:113:18 This declaration overrides a deprecated member but is not marked as deprecated itself. Please add the '@Deprecated' annotation or suppress the diagnostic.
w: file:///C:/Users/rakes/OneDrive/Desktop/aiguru/app/src/main/java/com/example/aiguru/GeminiLiveActivity.kt:116:15 'fun onBackPressed(): Unit' is deprecated. Deprecated in Java.
w: file:///C:/Users/rakes/OneDrive/Desktop/aiguru/app/src/main/java/com/example/aiguru/SplashActivity.kt:63:16 'var statusBarColor: Int' is deprecated. Deprecated in Java.
w: file:///C:/Users/rakes/OneDrive/Desktop/aiguru/app/src/main/java/com/example/aiguru/SplashActivity.kt:64:16 'var navigationBarColor: Int' is deprecated. Deprecated in Java.
w: file:///C:/Users/rakes/OneDrive/Desktop/aiguru/app/src/main/java/com/example/aiguru/SplashActivity.kt:105:15 'fun onBackPressed(): Unit' is deprecated. Deprecated in Java.

> Task :app:compileDebugJavaWithJavac
> Task :app:processDebugJavaRes UP-TO-DATE
> Task :app:dexBuilderDebug
> Task :app:mergeProjectDexDebug
> Task :app:mergeDebugJavaResource
> Task :app:packageDebug
> Task :app:createDebugApkListingFileRedirect
> Task :app:assembleDebug

BUILD SUCCESSFUL in 2m 12s
39 actionable tasks: 16 executed, 23 up-to-date
